0 0 0 0 0 1 1 1 1 2 2 3 5 6 7 8 9 10 11 11 12 13 15 16 18 20 22 24 25 27 29 31 33 
