12 10 11 7 5 3 8 9 3 5 7 10 12 11 8 6 9 2 4 2 1 6 4 
